<!DOCTYPE html>
<html lang="en-US">
  <head>
    <meta charset="utf-8">
    <meta name="viewport" content="width=device-width">
    <title>Real Life Pharmacology Podcast</title>
    <link rel="icon" type="image/png" href="images/Golden apple.png">
  </head>
  <body>
    <header>
      <h1>Golden Apple</h1>
      <nav>
        <a href="index.html">Home</a>
      </nav>
    </header>
    <main>
      <h2 id="overview">Overview</h2>
      <p>In this article, we will talk in brief about a useful free podcast.</p>
      <h2>Contents</h2>
      <ol>
        <li><a href="#overview">Overview</a></li>
        <li><a href="#What">What is Real Life Pharmacology Podcast?</a></li>
        <li><a href="#benefits">Benefits of Real Life Pharmacology Podcast</a></li>
        <li><a href="#link">Where to Find the Podcast</a></li>
      </ol>
      <h2 id="What">What is Real Life Pharmacology Podcast?</h2>
      <p>Real Life Pharmacology |Podcast is a free podcast that is produced by meded1o1. Its host is the American pharmacist Eric Christianson, PharmD, BCGP, BCPS.<br> In each episode, the host chooses one medications and breaks down the most important information regarding the medication. They include mechanism of action, theraputic uses, side effects and drug interactions. By far(June,2024), more than 300 episodes have been produced.</p>
      <h2 id="benefits">Benefits of Real Life Pharmacology Podcasts</h2>
      <ol>
        <il>It is brief</il><br>
        <il>It provides the listener with accurate information</il><br>
        <il>It is in audio form, which allows the listener to listen while walking or doing daily activites.</il><br>
        <il>It can be downloaded and listened to later offline.</il><br>
        <il>It is completely free.</il>
      </ol>
      <h4 id=link>This is the end of this article. I will leave you with a link that you can use to listen to the podcast for free.</h4>
      <a href="https://www.reallifepharmacology.com/podcast-2/">Click here and enjoy learning</a>
      <br>
      <br>
      <br>  
    </main>
    <footer>
      <h3>Similar Articles</h3>
        <a href="bestFreeMaterialsForPharmacyStudents.html">Best Free Materials for Pharmacy Students</a>
        <br>
        <a href="recommendedBooks.html">Recommended Books for Pharmacy Students</a>
    </footer>
  </body>
</html>    