<!DOCTYPE html>
<html lang="en-US">
  <head>
    <meta charset="utf-8">
    <meta name="viewport" content="width=device-width">
    <title>Recommended Books for Pharmacy Students</title>
    <link rel="icon" type="image/png" href="images/Golden apple.png">
  </head>
  <body>
    <header>
      <h1>Golden Apple</h1>
      <nav>
        <a href="index.html">Home</a>
      </nav>
    </header>
    <main>
      <h2 id="overview">Overview</h2>
      <p>In this article, I will give you some of my favorite books that can be a useful resource for pharmacy students.</p>
      <h2>Contents</h2>
      <ol>
        <li><a href="#overview">Overview</a></li>
        <li><a href="#Pharmacology">Best Pharmacology Book</a></li>
        <li><a href="#Community">Best Community Pharmacy Book</a></li>
        <li><a href="#Pharmacotherapy">Best Pharmacotherapy Book</a></li>
        <li><a href="#link">How to Download the Books</a></li>
      </ol>
      <h2 id="Pharmacology">Best Pharmacology Book</h2>
      <h3>Lippincott Illustrated reviews: Pharmacology</h3>
      <p>Although there are many good books that cover pharmacology, I prefer Lippincott because it is not too big for a pharmacy student, and it still covers the most importnat pharmacology topics.</p>
      <aside>
        <figure>
          <img src="images/Lippincott.jpg" width="50%" alt="Lippincott Illustrated Reviews: Pharmacology">
          <figcaption>Lippincott Illustrated Reviews: Pharmacology</figcaption>
        </figure>
      </aside>
      <h2 id="Community">Best Community Pharmacy Book</h2>
      <h3>Community Pharmacy Symptoms Diagnosis and Treatment</h3>
      <p>This book is an indinsible resource for community pharmacists. It explains the most common minor diseases that are encountered by community pharmacists in daily practice. It starts with the diagnosing the disease and 
eleminating similar conditions. then it provides information on the available OTC treatments.</p>
      <aside>
        <figure>
          <img src="images/Community Pharmacy.jpg" width="50%" alt="Community Pharmacy Symptoms Diagnosis and Treatment">
          <figcaption>Community Pharmacy Symptoms Diagnosis and Treatment</figcaption>
        </figure>
      </aside>
      <h2 id="Pharmacotherapy">Best Pharmacotherapy Book</h2>
      <h3>Dipiro's Pharmacotherapy Handbook</h3>   
      <p> This book is short version of the popular Dipiro's textbook. What makes it speacial is it covers pharmacotherapy topics in brief, which helps students remember the most important notes in Pharmacotherapy.</p>
      <aside>
        <figure>
          <img src="images/Pharmacotherapy handbook.jpg" width="50%" alt="Dipiro's Pharmacotherapy Handbook">
          <figcaption>Dipiro's Pharmacotherapy Handbook</figcaption>
        </figure>
      </aside>
      <h4 id=link>This is the end of this article. I will leave you with a link that you can use to download these books and more for free.</h4>
      <a href="https://singlelogin.re">Click here to go the the library</a>
      <br>
      <br>
      <br>     
    </main>
    <footer>
        <h3>Similar Articles</h3>
        <a href="bestFreeMaterialsForPharmacyStudents.html">Best Free Materials for Pharmacy Students</a>
        <br>
        <a href="realLifePharmacologyPodcasts.html">Real Life Pharmacology Podcast</a>
    </footer>
  </body>
</html>